d:\github\opengl\engine\engine\engine\x64\debug\vc143.pdb
d:\github\opengl\engine\engine\engine\x64\debug\vc143.idb
d:\github\opengl\engine\engine\engine\x64\debug\imgui_impl_opengl3.obj
d:\github\opengl\engine\engine\engine\x64\debug\imgui_impl_glfw.obj
d:\github\opengl\engine\engine\engine\x64\debug\imgui_widgets.obj
d:\github\opengl\engine\engine\engine\x64\debug\imgui_tables.obj
d:\github\opengl\engine\engine\engine\x64\debug\imgui_draw.obj
d:\github\opengl\engine\engine\engine\x64\debug\imgui.obj
d:\github\opengl\engine\engine\engine\x64\debug\volumerenderer.obj
d:\github\opengl\engine\engine\engine\x64\debug\texture2d.obj
d:\github\opengl\engine\engine\engine\x64\debug\shaderprogram.obj
d:\github\opengl\engine\engine\engine\x64\debug\physicsmanager.obj
d:\github\opengl\engine\engine\engine\x64\debug\mesh.obj
d:\github\opengl\engine\engine\engine\x64\debug\main.obj
d:\github\opengl\engine\engine\engine\x64\debug\camera.obj
d:\github\opengl\engine\engine\engine\bin\engine.exe
d:\github\opengl\engine\engine\engine\bin\engine.pdb
d:\github\opengl\engine\engine\engine\x64\debug\engine.ilk
d:\github\opengl\engine\engine\engine\x64\debug\engine.tlog\cl.command.1.tlog
d:\github\opengl\engine\engine\engine\x64\debug\engine.tlog\cl.items.tlog
d:\github\opengl\engine\engine\engine\x64\debug\engine.tlog\cl.read.1.tlog
d:\github\opengl\engine\engine\engine\x64\debug\engine.tlog\cl.write.1.tlog
d:\github\opengl\engine\engine\engine\x64\debug\engine.tlog\link.command.1.tlog
d:\github\opengl\engine\engine\engine\x64\debug\engine.tlog\link.read.1.tlog
d:\github\opengl\engine\engine\engine\x64\debug\engine.tlog\link.secondary.1.tlog
d:\github\opengl\engine\engine\engine\x64\debug\engine.tlog\link.write.1.tlog
