C:\Program Files\Microsoft Visual Studio\2022\Community\MSBuild\Microsoft\VC\v170\Microsoft.CppBuild.targets(524,5): warning MSB8004: Output Directory does not end with a trailing slash.  This build instance will add the slash as it is required to allow proper evaluation of the Output Directory.
  Camera.cpp
  main.cpp
D:\GitHub\OpenGL\Shadow\Shadow\Shadow\Common\includes\GLFW\glfw3.h(3173,1): warning C4819: The file contains a character that cannot be represented in the current code page (950). Save the file in Unicode format to prevent data loss
  (compiling source file 'Source/main.cpp')
  
  Mesh.cpp
D:\GitHub\OpenGL\Shadow\Shadow\Shadow\Source\Mesh.cpp(169,49): warning C4267: 'argument': conversion from 'size_t' to 'GLsizei', possible loss of data
  PhysicsManager.cpp
  ShaderProgram.cpp
  Texture2D.cpp
  Generating Code...
glew32s.lib(glew.obj) : warning LNK4099: PDB 'vc120.pdb' was not found with 'glew32s.lib(glew.obj)' or at 'D:\GitHub\OpenGL\Shadow\Shadow\Shadow\bin\vc120.pdb'; linking object as if no debug info
PhysXExtensions_static_64.lib(ExtDefaultSimulationFilterShader.obj) : warning LNK4099: PDB 'PhysXExtensions_static_64.pdb' was not found with 'PhysXExtensions_static_64.lib(ExtDefaultSimulationFilterShader.obj)' or at 'D:\GitHub\OpenGL\Shadow\Shadow\Shadow\bin\PhysXExtensions_static_64.pdb'; linking object as if no debug info
PhysXExtensions_static_64.lib(ExtDefaultErrorCallback.obj) : warning LNK4099: PDB 'PhysXExtensions_static_64.pdb' was not found with 'PhysXExtensions_static_64.lib(ExtDefaultErrorCallback.obj)' or at 'D:\GitHub\OpenGL\Shadow\Shadow\Shadow\bin\PhysXExtensions_static_64.pdb'; linking object as if no debug info
PhysXExtensions_static_64.lib(ExtDefaultCpuDispatcher.obj) : warning LNK4099: PDB 'PhysXExtensions_static_64.pdb' was not found with 'PhysXExtensions_static_64.lib(ExtDefaultCpuDispatcher.obj)' or at 'D:\GitHub\OpenGL\Shadow\Shadow\Shadow\bin\PhysXExtensions_static_64.pdb'; linking object as if no debug info
PhysXExtensions_static_64.lib(ExtSimpleFactory.obj) : warning LNK4099: PDB 'PhysXExtensions_static_64.pdb' was not found with 'PhysXExtensions_static_64.lib(ExtSimpleFactory.obj)' or at 'D:\GitHub\OpenGL\Shadow\Shadow\Shadow\bin\PhysXExtensions_static_64.pdb'; linking object as if no debug info
PhysXExtensions_static_64.lib(ExtExtensions.obj) : warning LNK4099: PDB 'PhysXExtensions_static_64.pdb' was not found with 'PhysXExtensions_static_64.lib(ExtExtensions.obj)' or at 'D:\GitHub\OpenGL\Shadow\Shadow\Shadow\bin\PhysXExtensions_static_64.pdb'; linking object as if no debug info
PhysXExtensions_static_64.lib(ExtCpuWorkerThread.obj) : warning LNK4099: PDB 'PhysXExtensions_static_64.pdb' was not found with 'PhysXExtensions_static_64.lib(ExtCpuWorkerThread.obj)' or at 'D:\GitHub\OpenGL\Shadow\Shadow\Shadow\bin\PhysXExtensions_static_64.pdb'; linking object as if no debug info
PhysXExtensions_static_64.lib(ExtRigidBodyExt.obj) : warning LNK4099: PDB 'PhysXExtensions_static_64.pdb' was not found with 'PhysXExtensions_static_64.lib(ExtRigidBodyExt.obj)' or at 'D:\GitHub\OpenGL\Shadow\Shadow\Shadow\bin\PhysXExtensions_static_64.pdb'; linking object as if no debug info
PhysXExtensions_static_64.lib(PxExtensionAutoGeneratedMetaDataObjects.obj) : warning LNK4099: PDB 'PhysXExtensions_static_64.pdb' was not found with 'PhysXExtensions_static_64.lib(PxExtensionAutoGeneratedMetaDataObjects.obj)' or at 'D:\GitHub\OpenGL\Shadow\Shadow\Shadow\bin\PhysXExtensions_static_64.pdb'; linking object as if no debug info
PhysXExtensions_static_64.lib(ExtPvd.obj) : warning LNK4099: PDB 'PhysXExtensions_static_64.pdb' was not found with 'PhysXExtensions_static_64.lib(ExtPvd.obj)' or at 'D:\GitHub\OpenGL\Shadow\Shadow\Shadow\bin\PhysXExtensions_static_64.pdb'; linking object as if no debug info
PhysXExtensions_static_64.lib(OmniPvdPxExtensionsSampler.obj) : warning LNK4099: PDB 'PhysXExtensions_static_64.pdb' was not found with 'PhysXExtensions_static_64.lib(OmniPvdPxExtensionsSampler.obj)' or at 'D:\GitHub\OpenGL\Shadow\Shadow\Shadow\bin\PhysXExtensions_static_64.pdb'; linking object as if no debug info
PhysXExtensions_static_64.lib(ExtDistanceJoint.obj) : warning LNK4099: PDB 'PhysXExtensions_static_64.pdb' was not found with 'PhysXExtensions_static_64.lib(ExtDistanceJoint.obj)' or at 'D:\GitHub\OpenGL\Shadow\Shadow\Shadow\bin\PhysXExtensions_static_64.pdb'; linking object as if no debug info
PhysXExtensions_static_64.lib(ExtD6Joint.obj) : warning LNK4099: PDB 'PhysXExtensions_static_64.pdb' was not found with 'PhysXExtensions_static_64.lib(ExtD6Joint.obj)' or at 'D:\GitHub\OpenGL\Shadow\Shadow\Shadow\bin\PhysXExtensions_static_64.pdb'; linking object as if no debug info
PhysXExtensions_static_64.lib(ExtFixedJoint.obj) : warning LNK4099: PDB 'PhysXExtensions_static_64.pdb' was not found with 'PhysXExtensions_static_64.lib(ExtFixedJoint.obj)' or at 'D:\GitHub\OpenGL\Shadow\Shadow\Shadow\bin\PhysXExtensions_static_64.pdb'; linking object as if no debug info
PhysXExtensions_static_64.lib(ExtPrismaticJoint.obj) : warning LNK4099: PDB 'PhysXExtensions_static_64.pdb' was not found with 'PhysXExtensions_static_64.lib(ExtPrismaticJoint.obj)' or at 'D:\GitHub\OpenGL\Shadow\Shadow\Shadow\bin\PhysXExtensions_static_64.pdb'; linking object as if no debug info
PhysXExtensions_static_64.lib(ExtRevoluteJoint.obj) : warning LNK4099: PDB 'PhysXExtensions_static_64.pdb' was not found with 'PhysXExtensions_static_64.lib(ExtRevoluteJoint.obj)' or at 'D:\GitHub\OpenGL\Shadow\Shadow\Shadow\bin\PhysXExtensions_static_64.pdb'; linking object as if no debug info
PhysXExtensions_static_64.lib(ExtSphericalJoint.obj) : warning LNK4099: PDB 'PhysXExtensions_static_64.pdb' was not found with 'PhysXExtensions_static_64.lib(ExtSphericalJoint.obj)' or at 'D:\GitHub\OpenGL\Shadow\Shadow\Shadow\bin\PhysXExtensions_static_64.pdb'; linking object as if no debug info
PhysXExtensions_static_64.lib(ExtGearJoint.obj) : warning LNK4099: PDB 'PhysXExtensions_static_64.pdb' was not found with 'PhysXExtensions_static_64.lib(ExtGearJoint.obj)' or at 'D:\GitHub\OpenGL\Shadow\Shadow\Shadow\bin\PhysXExtensions_static_64.pdb'; linking object as if no debug info
PhysXExtensions_static_64.lib(ExtRackAndPinionJoint.obj) : warning LNK4099: PDB 'PhysXExtensions_static_64.pdb' was not found with 'PhysXExtensions_static_64.lib(ExtRackAndPinionJoint.obj)' or at 'D:\GitHub\OpenGL\Shadow\Shadow\Shadow\bin\PhysXExtensions_static_64.pdb'; linking object as if no debug info
PhysXExtensions_static_64.lib(SnRepXCoreSerializer.obj) : warning LNK4099: PDB 'PhysXExtensions_static_64.pdb' was not found with 'PhysXExtensions_static_64.lib(SnRepXCoreSerializer.obj)' or at 'D:\GitHub\OpenGL\Shadow\Shadow\Shadow\bin\PhysXExtensions_static_64.pdb'; linking object as if no debug info
PhysXExtensions_static_64.lib(SnJointRepXSerializer.obj) : warning LNK4099: PDB 'PhysXExtensions_static_64.pdb' was not found with 'PhysXExtensions_static_64.lib(SnJointRepXSerializer.obj)' or at 'D:\GitHub\OpenGL\Shadow\Shadow\Shadow\bin\PhysXExtensions_static_64.pdb'; linking object as if no debug info
PhysXExtensions_static_64.lib(ExtConvexCoreExt.obj) : warning LNK4099: PDB 'PhysXExtensions_static_64.pdb' was not found with 'PhysXExtensions_static_64.lib(ExtConvexCoreExt.obj)' or at 'D:\GitHub\OpenGL\Shadow\Shadow\Shadow\bin\PhysXExtensions_static_64.pdb'; linking object as if no debug info
PhysXExtensions_static_64.lib(ExtOmniPvdRegistrationData.obj) : warning LNK4099: PDB 'PhysXExtensions_static_64.pdb' was not found with 'PhysXExtensions_static_64.lib(ExtOmniPvdRegistrationData.obj)' or at 'D:\GitHub\OpenGL\Shadow\Shadow\Shadow\bin\PhysXExtensions_static_64.pdb'; linking object as if no debug info
PhysXExtensions_static_64.lib(ExtJoint.obj) : warning LNK4099: PDB 'PhysXExtensions_static_64.pdb' was not found with 'PhysXExtensions_static_64.lib(ExtJoint.obj)' or at 'D:\GitHub\OpenGL\Shadow\Shadow\Shadow\bin\PhysXExtensions_static_64.pdb'; linking object as if no debug info
PhysXPvdSDK_static_64.lib(PxPvdDataStream.obj) : warning LNK4099: PDB 'PhysXPvdSDK_static_64.pdb' was not found with 'PhysXPvdSDK_static_64.lib(PxPvdDataStream.obj)' or at 'D:\GitHub\OpenGL\Shadow\Shadow\Shadow\bin\PhysXPvdSDK_static_64.pdb'; linking object as if no debug info
PhysXPvdSDK_static_64.lib(PxPvd.obj) : warning LNK4099: PDB 'PhysXPvdSDK_static_64.pdb' was not found with 'PhysXPvdSDK_static_64.lib(PxPvd.obj)' or at 'D:\GitHub\OpenGL\Shadow\Shadow\Shadow\bin\PhysXPvdSDK_static_64.pdb'; linking object as if no debug info
PhysXPvdSDK_static_64.lib(PxPvdImpl.obj) : warning LNK4099: PDB 'PhysXPvdSDK_static_64.pdb' was not found with 'PhysXPvdSDK_static_64.lib(PxPvdImpl.obj)' or at 'D:\GitHub\OpenGL\Shadow\Shadow\Shadow\bin\PhysXPvdSDK_static_64.pdb'; linking object as if no debug info
PhysXPvdSDK_static_64.lib(PxPvdObjectModelMetaData.obj) : warning LNK4099: PDB 'PhysXPvdSDK_static_64.pdb' was not found with 'PhysXPvdSDK_static_64.lib(PxPvdObjectModelMetaData.obj)' or at 'D:\GitHub\OpenGL\Shadow\Shadow\Shadow\bin\PhysXPvdSDK_static_64.pdb'; linking object as if no debug info
PhysXPvdSDK_static_64.lib(PxPvdObjectRegistrar.obj) : warning LNK4099: PDB 'PhysXPvdSDK_static_64.pdb' was not found with 'PhysXPvdSDK_static_64.lib(PxPvdObjectRegistrar.obj)' or at 'D:\GitHub\OpenGL\Shadow\Shadow\Shadow\bin\PhysXPvdSDK_static_64.pdb'; linking object as if no debug info
PhysXPvdSDK_static_64.lib(PxPvdMemClient.obj) : warning LNK4099: PDB 'PhysXPvdSDK_static_64.pdb' was not found with 'PhysXPvdSDK_static_64.lib(PxPvdMemClient.obj)' or at 'D:\GitHub\OpenGL\Shadow\Shadow\Shadow\bin\PhysXPvdSDK_static_64.pdb'; linking object as if no debug info
PhysXPvdSDK_static_64.lib(PxProfileEventImpl.obj) : warning LNK4099: PDB 'PhysXPvdSDK_static_64.pdb' was not found with 'PhysXPvdSDK_static_64.lib(PxProfileEventImpl.obj)' or at 'D:\GitHub\OpenGL\Shadow\Shadow\Shadow\bin\PhysXPvdSDK_static_64.pdb'; linking object as if no debug info
PhysXPvdSDK_static_64.lib(PxPvdProfileZoneClient.obj) : warning LNK4099: PDB 'PhysXPvdSDK_static_64.pdb' was not found with 'PhysXPvdSDK_static_64.lib(PxPvdProfileZoneClient.obj)' or at 'D:\GitHub\OpenGL\Shadow\Shadow\Shadow\bin\PhysXPvdSDK_static_64.pdb'; linking object as if no debug info
LINK : warning LNK4098: defaultlib 'LIBCMT' conflicts with use of other libs; use /NODEFAULTLIB:library
LINK : warning LNK4217: symbol '__glewBindBuffer' defined in 'glew32s.lib(glew.obj)' is imported by 'Mesh.obj' in function '"private: void __cdecl Mesh::initBuffer(void)" (?initBuffer@Mesh@@AEAAXXZ)'
LINK : warning LNK4217: symbol '__glewBufferData' defined in 'glew32s.lib(glew.obj)' is imported by 'Mesh.obj' in function '"private: void __cdecl Mesh::initBuffer(void)" (?initBuffer@Mesh@@AEAAXXZ)'
LINK : warning LNK4217: symbol '__glewDeleteBuffers' defined in 'glew32s.lib(glew.obj)' is imported by 'Mesh.obj' in function '"public: __cdecl Mesh::~Mesh(void)" (??1Mesh@@QEAA@XZ)'
LINK : warning LNK4217: symbol '__glewGenBuffers' defined in 'glew32s.lib(glew.obj)' is imported by 'Mesh.obj' in function '"private: void __cdecl Mesh::initBuffer(void)" (?initBuffer@Mesh@@AEAAXXZ)'
LINK : warning LNK4217: symbol '__glewEnableVertexAttribArray' defined in 'glew32s.lib(glew.obj)' is imported by 'Mesh.obj' in function '"private: void __cdecl Mesh::initBuffer(void)" (?initBuffer@Mesh@@AEAAXXZ)'
LINK : warning LNK4217: symbol '__glewVertexAttribPointer' defined in 'glew32s.lib(glew.obj)' is imported by 'Mesh.obj' in function '"private: void __cdecl Mesh::initBuffer(void)" (?initBuffer@Mesh@@AEAAXXZ)'
LINK : warning LNK4217: symbol '__glewBindVertexArray' defined in 'glew32s.lib(glew.obj)' is imported by 'Mesh.obj' in function '"public: void __cdecl Mesh::draw(void)" (?draw@Mesh@@QEAAXXZ)'
LINK : warning LNK4217: symbol '__glewDeleteVertexArrays' defined in 'glew32s.lib(glew.obj)' is imported by 'Mesh.obj' in function '"public: __cdecl Mesh::~Mesh(void)" (??1Mesh@@QEAA@XZ)'
LINK : warning LNK4217: symbol '__glewGenVertexArrays' defined in 'glew32s.lib(glew.obj)' is imported by 'Mesh.obj' in function '"private: void __cdecl Mesh::initBuffer(void)" (?initBuffer@Mesh@@AEAAXXZ)'
LINK : warning LNK4217: symbol '__glewAttachShader' defined in 'glew32s.lib(glew.obj)' is imported by 'ShaderProgram.obj' in function '"public: bool __cdecl ShaderProgram::loadShaders(char const *,char const *)" (?loadShaders@ShaderProgram@@QEAA_NPEBD0@Z)'
LINK : warning LNK4217: symbol '__glewCompileShader' defined in 'glew32s.lib(glew.obj)' is imported by 'ShaderProgram.obj' in function '"public: bool __cdecl ShaderProgram::loadShaders(char const *,char const *)" (?loadShaders@ShaderProgram@@QEAA_NPEBD0@Z)'
LINK : warning LNK4217: symbol '__glewCreateProgram' defined in 'glew32s.lib(glew.obj)' is imported by 'ShaderProgram.obj' in function '"public: bool __cdecl ShaderProgram::loadShaders(char const *,char const *)" (?loadShaders@ShaderProgram@@QEAA_NPEBD0@Z)'
LINK : warning LNK4217: symbol '__glewCreateShader' defined in 'glew32s.lib(glew.obj)' is imported by 'ShaderProgram.obj' in function '"public: bool __cdecl ShaderProgram::loadShaders(char const *,char const *)" (?loadShaders@ShaderProgram@@QEAA_NPEBD0@Z)'
LINK : warning LNK4217: symbol '__glewDeleteProgram' defined in 'glew32s.lib(glew.obj)' is imported by 'ShaderProgram.obj' in function '"public: __cdecl ShaderProgram::~ShaderProgram(void)" (??1ShaderProgram@@QEAA@XZ)'
LINK : warning LNK4217: symbol '__glewDeleteShader' defined in 'glew32s.lib(glew.obj)' is imported by 'ShaderProgram.obj' in function '"public: bool __cdecl ShaderProgram::loadShaders(char const *,char const *)" (?loadShaders@ShaderProgram@@QEAA_NPEBD0@Z)'
LINK : warning LNK4217: symbol '__glewGetProgramInfoLog' defined in 'glew32s.lib(glew.obj)' is imported by 'ShaderProgram.obj' in function '"private: void __cdecl ShaderProgram::CheckCompileErrors(unsigned int,enum ShaderProgram::ShaderType)" (?CheckCompileErrors@ShaderProgram@@AEAAXIW4ShaderType@1@@Z)'
LINK : warning LNK4217: symbol '__glewGetProgramiv' defined in 'glew32s.lib(glew.obj)' is imported by 'ShaderProgram.obj' in function '"private: void __cdecl ShaderProgram::CheckCompileErrors(unsigned int,enum ShaderProgram::ShaderType)" (?CheckCompileErrors@ShaderProgram@@AEAAXIW4ShaderType@1@@Z)'
LINK : warning LNK4217: symbol '__glewGetShaderInfoLog' defined in 'glew32s.lib(glew.obj)' is imported by 'ShaderProgram.obj' in function '"private: void __cdecl ShaderProgram::CheckCompileErrors(unsigned int,enum ShaderProgram::ShaderType)" (?CheckCompileErrors@ShaderProgram@@AEAAXIW4ShaderType@1@@Z)'
LINK : warning LNK4217: symbol '__glewGetShaderiv' defined in 'glew32s.lib(glew.obj)' is imported by 'ShaderProgram.obj' in function '"private: void __cdecl ShaderProgram::CheckCompileErrors(unsigned int,enum ShaderProgram::ShaderType)" (?CheckCompileErrors@ShaderProgram@@AEAAXIW4ShaderType@1@@Z)'
LINK : warning LNK4217: symbol '__glewGetUniformLocation' defined in 'glew32s.lib(glew.obj)' is imported by 'ShaderProgram.obj' in function '"private: int __cdecl ShaderProgram::getUniformLocation(char const *)" (?getUniformLocation@ShaderProgram@@AEAAHPEBD@Z)'
LINK : warning LNK4217: symbol '__glewLinkProgram' defined in 'glew32s.lib(glew.obj)' is imported by 'ShaderProgram.obj' in function '"public: bool __cdecl ShaderProgram::loadShaders(char const *,char const *)" (?loadShaders@ShaderProgram@@QEAA_NPEBD0@Z)'
LINK : warning LNK4217: symbol '__glewShaderSource' defined in 'glew32s.lib(glew.obj)' is imported by 'ShaderProgram.obj' in function '"public: bool __cdecl ShaderProgram::loadShaders(char const *,char const *)" (?loadShaders@ShaderProgram@@QEAA_NPEBD0@Z)'
LINK : warning LNK4217: symbol '__glewUniform1f' defined in 'glew32s.lib(glew.obj)' is imported by 'ShaderProgram.obj' in function '"public: void __cdecl ShaderProgram::setUniform(char const *,float)" (?setUniform@ShaderProgram@@QEAAXPEBDM@Z)'
LINK : warning LNK4217: symbol '__glewUniform1i' defined in 'glew32s.lib(glew.obj)' is imported by 'ShaderProgram.obj' in function '"public: void __cdecl ShaderProgram::setUniform(char const *,int)" (?setUniform@ShaderProgram@@QEAAXPEBDH@Z)'
LINK : warning LNK4217: symbol '__glewUniform2f' defined in 'glew32s.lib(glew.obj)' is imported by 'ShaderProgram.obj' in function '"public: void __cdecl ShaderProgram::setUniform(char const *,struct glm::vec<2,float,0> const &)" (?setUniform@ShaderProgram@@QEAAXPEBDAEBU?$vec@$01M$0A@@glm@@@Z)'
LINK : warning LNK4217: symbol '__glewUniform3f' defined in 'glew32s.lib(glew.obj)' is imported by 'ShaderProgram.obj' in function '"public: void __cdecl ShaderProgram::setUniform(char const *,struct glm::vec<3,float,0> const &)" (?setUniform@ShaderProgram@@QEAAXPEBDAEBU?$vec@$02M$0A@@glm@@@Z)'
LINK : warning LNK4217: symbol '__glewUniform4f' defined in 'glew32s.lib(glew.obj)' is imported by 'ShaderProgram.obj' in function '"public: void __cdecl ShaderProgram::setUniform(char const *,struct glm::vec<4,float,0> const &)" (?setUniform@ShaderProgram@@QEAAXPEBDAEBU?$vec@$03M$0A@@glm@@@Z)'
LINK : warning LNK4217: symbol '__glewUniformMatrix4fv' defined in 'glew32s.lib(glew.obj)' is imported by 'ShaderProgram.obj' in function '"public: void __cdecl ShaderProgram::setUniform(char const *,struct glm::mat<4,4,float,0> const &)" (?setUniform@ShaderProgram@@QEAAXPEBDAEBU?$mat@$03$03M$0A@@glm@@@Z)'
LINK : warning LNK4217: symbol '__glewUseProgram' defined in 'glew32s.lib(glew.obj)' is imported by 'ShaderProgram.obj' in function '"public: void __cdecl ShaderProgram::use(void)" (?use@ShaderProgram@@QEAAXXZ)'
LINK : warning LNK4217: symbol '__glewActiveTexture' defined in 'glew32s.lib(glew.obj)' is imported by 'Texture2D.obj' in function '"public: void __cdecl Texture2D::bindTexture(unsigned int)" (?bindTexture@Texture2D@@QEAAXI@Z)'
LINK : warning LNK4217: symbol '__glewGenerateMipmap' defined in 'glew32s.lib(glew.obj)' is imported by 'Texture2D.obj' in function '"public: bool __cdecl Texture2D::loadTexture(class std::basic_string<char,struct std::char_traits<char>,class std::allocator<char> > const &,bool)" (?loadTexture@Texture2D@@QEAA_NAEBV?$basic_string@DU?$char_traits@D@std@@V?$allocator@D@2@@std@@_N@Z)'
  Shadow.vcxproj -> D:\GitHub\OpenGL\Shadow\Shadow\Shadow\bin\Shadow.exe
