d:\opengl\spotlight\shadow\x64\debug\vc143.pdb
d:\opengl\spotlight\shadow\x64\debug\vc143.idb
d:\opengl\spotlight\shadow\x64\debug\texture2d.obj
d:\opengl\spotlight\shadow\x64\debug\shaderprogram.obj
d:\opengl\spotlight\shadow\x64\debug\mesh.obj
d:\opengl\spotlight\shadow\x64\debug\main.obj
d:\opengl\spotlight\shadow\x64\debug\camera.obj
d:\opengl\spotlight\shadow\x64\debug\glm.obj
d:\opengl\spotlight\shadow\bin\shadow.exe
d:\opengl\spotlight\shadow\bin\shadow.pdb
d:\opengl\spotlight\shadow\x64\debug\shadow.ilk
d:\opengl\spotlight\shadow\x64\debug\spotlight.ilk
d:\opengl\spotlight\shadow\x64\debug\shadow.tlog\cl.command.1.tlog
d:\opengl\spotlight\shadow\x64\debug\shadow.tlog\cl.items.tlog
d:\opengl\spotlight\shadow\x64\debug\shadow.tlog\cl.read.1.tlog
d:\opengl\spotlight\shadow\x64\debug\shadow.tlog\cl.write.1.tlog
d:\opengl\spotlight\shadow\x64\debug\shadow.tlog\link.command.1.tlog
d:\opengl\spotlight\shadow\x64\debug\shadow.tlog\link.read.1.tlog
d:\opengl\spotlight\shadow\x64\debug\shadow.tlog\link.secondary.1.tlog
d:\opengl\spotlight\shadow\x64\debug\shadow.tlog\link.write.1.tlog
